Progress: resolved 1, reused 0, downloaded 0, added 0
Progress: resolved 15, reused 0, downloaded 11, added 0

   ╭──────────────────────────────────────────╮
   │                                          │
   │   Update available! 10.20.0 → 10.26.1.   │
   │   Changelog: https://pnpm.io/v/10.26.1   │
   │     To update, run: pnpm add -g pnpm     │
   │                                          │
   ╰──────────────────────────────────────────╯

Progress: resolved 21, reused 0, downloaded 16, added 0
Progress: resolved 24, reused 0, downloaded 18, added 0
Progress: resolved 28, reused 0, downloaded 24, added 0
Progress: resolved 29, reused 0, downloaded 28, added 0
Progress: resolved 109, reused 0, downloaded 94, added 0
Progress: resolved 139, reused 0, downloaded 104, added 0
Progress: resolved 152, reused 0, downloaded 126, added 0
Progress: resolved 190, reused 0, downloaded 155, added 0
Progress: resolved 239, reused 0, downloaded 169, added 0
Progress: resolved 316, reused 0, downloaded 169, added 0
Progress: resolved 388, reused 0, downloaded 170, added 0
Progress: resolved 393, reused 0, downloaded 180, added 0
Progress: resolved 393, reused 0, downloaded 292, added 0
Progress: resolved 435, reused 0, downloaded 347, added 0
Progress: resolved 523, reused 0, downloaded 461, added 0
 WARN  3 deprecated subdependencies found: glob@7.2.3, inflight@1.0.6, rimraf@3.0.2
Packages: +461
++++++++++++++++++++++++++++++++++++++++++++++++++++++++++++++++++++++++++++++++
Progress: resolved 528, reused 0, downloaded 466, added 460
Progress: resolved 528, reused 0, downloaded 466, added 461, done

dependencies:
+ @google/generative-ai 0.24.1
+ @googlemaps/js-api-loader 2.0.2
+ @react-three/drei 10.7.7
+ @react-three/fiber 9.4.2
+ @splinetool/react-spline 4.1.0
+ @tensorflow-models/body-segmentation 1.0.2
+ @tensorflow/tfjs-backend-webgl 4.22.0
+ @tensorflow/tfjs-core 4.22.0
+ class-variance-authority 0.7.1
+ clsx 2.1.1
+ framer-motion 12.23.26
+ gsap 3.14.2
+ html2canvas 1.4.1
+ lucide-react 0.554.0 (0.562.0 is available)
+ next 16.0.10 (16.1.0 is available)
+ react 19.2.0 (19.2.3 is available)
+ react-dom 19.2.0 (19.2.3 is available)
+ tailwind-merge 3.4.0
+ three 0.181.2 (0.182.0 is available)

devDependencies:
+ @tailwindcss/postcss 4.1.18
+ @types/node 20.19.27 (25.0.3 is available)
+ @types/react 19.2.7
+ @types/react-dom 19.2.3
+ @types/three 0.181.0 (0.182.0 is available)
+ eslint 9.39.2
+ eslint-config-next 16.0.3 (16.1.0 is available)
+ tailwindcss 4.1.18
+ tw-animate-css 1.4.0
+ typescript 5.9.3

╭ Warning ─────────────────────────────────────────────────────────────────────╮
│                                                                              │
│   Ignored build scripts: sharp, unrs-resolver.                               │
│   Run "pnpm approve-builds" to pick which dependencies should be allowed     │
│   to run scripts.                                                            │
│                                                                              │
╰──────────────────────────────────────────────────────────────────────────────╯

Done in 21s using pnpm v10.20.0
